Mon May 11 11:03:21 PM IST 2026: wallpaper.sh executed
Mon May 11 11:04:36 PM IST 2026: wallpaper.sh executed
Mon May 11 11:08:58 PM IST 2026
Mon May 11 11:10:11 PM IST 2026
Mon May 11 11:13:23 PM IST 2026
Mon May 11 11:13:25 PM IST 2026
Mon May 11 11:13:26 PM IST 2026
Mon May 11 11:13:26 PM IST 2026
Mon May 11 11:13:26 PM IST 2026
Mon May 11 11:13:26 PM IST 2026
Tue May 12 09:11:22 AM IST 2026
Tue May 12 09:28:49 AM IST 2026
Tue May 12 09:30:23 AM IST 2026
Tue May 12 09:30:24 AM IST 2026
Tue May 12 09:30:33 AM IST 2026
Tue May 12 09:30:33 AM IST 2026
Tue May 12 09:31:00 AM IST 2026
Tue May 12 09:31:00 AM IST 2026
Tue May 12 09:31:02 AM IST 2026
Tue May 12 09:31:02 AM IST 2026
Tue May 12 09:31:03 AM IST 2026
Tue May 12 09:31:03 AM IST 2026
Tue May 12 09:31:09 AM IST 2026
Tue May 12 09:31:09 AM IST 2026
Tue May 12 09:31:10 AM IST 2026
Tue May 12 09:31:10 AM IST 2026
Tue May 12 09:32:47 AM IST 2026
Tue May 12 09:33:16 AM IST 2026
Tue May 12 09:33:17 AM IST 2026
Tue May 12 09:33:17 AM IST 2026
Tue May 12 09:33:18 AM IST 2026
Tue May 12 09:33:19 AM IST 2026
Tue May 12 09:34:12 AM IST 2026
Tue May 12 09:34:45 AM IST 2026
Tue May 12 09:34:45 AM IST 2026
Tue May 12 09:34:45 AM IST 2026
Tue May 12 09:34:46 AM IST 2026
Tue May 12 09:34:46 AM IST 2026
Tue May 12 09:34:46 AM IST 2026
Tue May 12 09:34:47 AM IST 2026
Tue May 12 09:34:47 AM IST 2026
Tue May 12 09:36:14 AM IST 2026
Tue May 12 09:56:24 AM IST 2026
Tue May 12 10:00:45 AM IST 2026
Tue May 12 10:01:10 AM IST 2026
Tue May 12 10:01:10 AM IST 2026
Tue May 12 10:01:10 AM IST 2026
Tue May 12 10:01:11 AM IST 2026
Tue May 12 10:01:11 AM IST 2026
Tue May 12 10:01:11 AM IST 2026
Tue May 12 10:01:12 AM IST 2026
Tue May 12 10:01:12 AM IST 2026
Tue May 12 10:01:12 AM IST 2026
Tue May 12 10:01:12 AM IST 2026
Tue May 12 10:01:12 AM IST 2026
Tue May 12 10:01:13 AM IST 2026
Tue May 12 10:03:55 AM IST 2026
Tue May 12 10:04:06 AM IST 2026
Tue May 12 03:00:37 PM IST 2026
Tue May 12 03:00:38 PM IST 2026
Tue May 12 05:18:05 PM IST 2026
Tue May 12 05:18:18 PM IST 2026
Tue May 12 05:22:18 PM IST 2026
Tue May 12 05:46:02 PM IST 2026
Tue May 12 05:46:03 PM IST 2026
Wed May 13 10:08:29 AM IST 2026
Wed May 13 10:08:30 AM IST 2026
Wed May 13 10:14:40 PM IST 2026
Wed May 13 10:16:06 PM IST 2026
Wed May 13 10:20:12 PM IST 2026
Wed May 13 10:20:34 PM IST 2026
Wed May 13 10:20:34 PM IST 2026
Wed May 13 10:20:35 PM IST 2026
Wed May 13 10:20:35 PM IST 2026
Wed May 13 10:22:03 PM IST 2026
Wed May 13 10:22:38 PM IST 2026
Wed May 13 10:22:38 PM IST 2026
Wed May 13 10:22:38 PM IST 2026
Wed May 13 10:22:38 PM IST 2026
Wed May 13 10:22:39 PM IST 2026
Wed May 13 10:22:39 PM IST 2026
Wed May 13 10:22:39 PM IST 2026
Wed May 13 10:22:39 PM IST 2026
Wed May 13 10:22:39 PM IST 2026
Wed May 13 10:25:08 PM IST 2026
Wed May 13 10:26:55 PM IST 2026
Wed May 13 10:26:55 PM IST 2026
Wed May 13 10:26:55 PM IST 2026
Wed May 13 10:26:56 PM IST 2026
Wed May 13 10:29:12 PM IST 2026
Wed May 13 10:29:58 PM IST 2026
Wed May 13 10:30:00 PM IST 2026
Wed May 13 10:30:00 PM IST 2026
Wed May 13 10:30:00 PM IST 2026
Wed May 13 10:30:00 PM IST 2026
Wed May 13 10:30:01 PM IST 2026
Wed May 13 10:30:53 PM IST 2026
Wed May 13 10:30:54 PM IST 2026
Wed May 13 10:30:54 PM IST 2026
Wed May 13 10:30:54 PM IST 2026
Wed May 13 10:30:54 PM IST 2026
Wed May 13 10:30:54 PM IST 2026
Wed May 13 10:30:54 PM IST 2026
Wed May 13 10:30:55 PM IST 2026
Wed May 13 10:30:55 PM IST 2026
Wed May 13 10:32:16 PM IST 2026
Wed May 13 10:32:58 PM IST 2026
Wed May 13 10:34:42 PM IST 2026
Wed May 13 10:35:39 PM IST 2026
Wed May 13 10:36:32 PM IST 2026
